26-05-15 16:28:20.875 [background-preinit] INFO  o.h.validator.internal.util.Version [ |  | ] - HV000001: Hibernate Validator 8.0.1.Final
26-05-15 16:28:20.928 [main] INFO  c.s.m.discodeit.DiscodeitApplication [ |  | ] - Starting DiscodeitApplication using Java 17.0.17 with PID 3561 (/Users/apple/9-sprint-mission/discodeit/build/classes/java/main started by apple in /Users/apple/9-sprint-mission)
26-05-15 16:28:20.929 [main] INFO  c.s.m.discodeit.DiscodeitApplication [ |  | ] - The following 1 profile is active: "dev"
26-05-15 16:28:21.728 [main] INFO  o.s.d.r.c.RepositoryConfigurationDelegate [ |  | ] - Bootstrapping Spring Data JPA repositories in DEFAULT mode.
26-05-15 16:28:21.764 [main] INFO  o.s.d.r.c.RepositoryConfigurationDelegate [ |  | ] - Finished Spring Data repository scanning in 27 ms. Found 5 JPA repository interfaces.
26-05-15 16:28:22.204 [main] INFO  o.s.b.w.e.tomcat.TomcatWebServer [ |  | ] - Tomcat initialized with port 8080 (http)
26-05-15 16:28:22.210 [main] INFO  o.a.coyote.http11.Http11NioProtocol [ |  | ] - Initializing ProtocolHandler ["http-nio-8080"]
26-05-15 16:28:22.211 [main] INFO  o.a.catalina.core.StandardService [ |  | ] - Starting service [Tomcat]
26-05-15 16:28:22.211 [main] INFO  o.a.catalina.core.StandardEngine [ |  | ] - Starting Servlet engine: [Apache Tomcat/10.1.33]
26-05-15 16:28:22.240 [main] INFO  o.a.c.c.C.[Tomcat].[localhost].[/] [ |  | ] - Initializing Spring embedded WebApplicationContext
26-05-15 16:28:22.240 [main] INFO  o.s.b.w.s.c.ServletWebServerApplicationContext [ |  | ] - Root WebApplicationContext: initialization completed in 1274 ms
26-05-15 16:28:22.497 [main] INFO  o.h.jpa.internal.util.LogHelper [ |  | ] - HHH000204: Processing PersistenceUnitInfo [name: default]
26-05-15 16:28:22.529 [main] INFO  org.hibernate.Version [ |  | ] - HHH000412: Hibernate ORM core version 6.6.2.Final
26-05-15 16:28:22.548 [main] INFO  o.h.c.i.RegionFactoryInitiator [ |  | ] - HHH000026: Second-level cache disabled
26-05-15 16:28:22.691 [main] INFO  o.s.o.j.p.SpringPersistenceUnitInfo [ |  | ] - No LoadTimeWeaver setup: ignoring JPA class transformer
26-05-15 16:28:22.708 [main] INFO  com.zaxxer.hikari.HikariDataSource [ |  | ] - HikariPool-1 - Starting...
26-05-15 16:28:22.801 [main] INFO  com.zaxxer.hikari.pool.HikariPool [ |  | ] - HikariPool-1 - Added connection org.postgresql.jdbc.PgConnection@105fe81e
26-05-15 16:28:22.801 [main] INFO  com.zaxxer.hikari.HikariDataSource [ |  | ] - HikariPool-1 - Start completed.
26-05-15 16:28:22.859 [main] INFO  o.hibernate.orm.connections.pooling [ |  | ] - HHH10001005: Database info:
	Database JDBC URL [Connecting through datasource 'HikariDataSource (HikariPool-1)']
	Database driver: undefined/unknown
	Database version: 14.21
	Autocommit mode: undefined/unknown
	Isolation level: undefined/unknown
	Minimum pool size: undefined/unknown
	Maximum pool size: undefined/unknown
26-05-15 16:28:23.450 [main] INFO  o.h.e.t.j.p.i.JtaPlatformInitiator [ |  | ] - HHH000489: No JTA platform available (set 'hibernate.transaction.jta.platform' to enable JTA platform integration)
26-05-15 16:28:23.501 [main] INFO  o.s.o.j.LocalContainerEntityManagerFactoryBean [ |  | ] - Initialized JPA EntityManagerFactory for persistence unit 'default'
26-05-15 16:28:24.059 [main] INFO  o.s.d.j.r.query.QueryEnhancerFactory [ |  | ] - Hibernate is in classpath; If applicable, HQL parser will be used.
26-05-15 16:28:24.439 [main] INFO  o.s.s.c.a.a.c.InitializeUserDetailsBeanManagerConfigurer$InitializeUserDetailsManagerConfigurer [ |  | ] - Global AuthenticationManager configured with UserDetailsService bean with name discodeitUserDetailsService
26-05-15 16:28:24.488 [main] INFO  o.s.b.a.w.s.WelcomePageHandlerMapping [ |  | ] - Adding welcome page: class path resource [static/index.html]
26-05-15 16:28:24.727 [main] INFO  o.s.b.a.e.web.EndpointLinksResolver [ |  | ] - Exposing 4 endpoints beneath base path '/actuator'
26-05-15 16:28:25.188 [main] INFO  o.a.coyote.http11.Http11NioProtocol [ |  | ] - Starting ProtocolHandler ["http-nio-8080"]
26-05-15 16:28:25.198 [main] INFO  o.s.b.w.e.tomcat.TomcatWebServer [ |  | ] - Tomcat started on port 8080 (http) with context path '/'
26-05-15 16:28:25.209 [main] INFO  c.s.m.discodeit.DiscodeitApplication [ |  | ] - Started DiscodeitApplication in 4.804 seconds (process running for 5.242)
26-05-15 16:28:25.249 [main] DEBUG org.hibernate.SQL [ |  | ] - 
    select
        u1_0.id,
        u1_0.created_at,
        u1_0.email,
        u1_0.password,
        p1_0.id,
        p1_0.content_type,
        p1_0.created_at,
        p1_0.file_name,
        p1_0.size,
        p1_0.updated_at,
        u1_0.role,
        u1_0.updated_at,
        u1_0.username 
    from
        users u1_0 
    left join
        binary_contents p1_0 
            on p1_0.id=u1_0.profile_id
26-05-15 16:28:25.555 [RMI TCP Connection(1)-127.0.0.1] INFO  o.a.c.c.C.[Tomcat].[localhost].[/] [ |  | ] - Initializing Spring DispatcherServlet 'dispatcherServlet'
26-05-15 16:28:25.555 [RMI TCP Connection(1)-127.0.0.1] INFO  o.s.web.servlet.DispatcherServlet [ |  | ] - Initializing Servlet 'dispatcherServlet'
26-05-15 16:28:25.557 [RMI TCP Connection(1)-127.0.0.1] INFO  o.s.web.servlet.DispatcherServlet [ |  | ] - Completed initialization in 1 ms
26-05-15 16:29:31.418 [http-nio-8080-exec-4] DEBUG org.hibernate.SQL [ |  | ] - 
    select
        u1_0.id,
        u1_0.created_at,
        u1_0.email,
        u1_0.password,
        u1_0.profile_id,
        u1_0.role,
        u1_0.updated_at,
        u1_0.username 
    from
        users u1_0 
    where
        u1_0.username=?
26-05-15 16:29:31.420 [http-nio-8080-exec-4] TRACE org.hibernate.orm.jdbc.bind [ |  | ] - binding parameter (1:VARCHAR) <- [강현홍4]
26-05-15 16:29:31.554 [http-nio-8080-exec-10] DEBUG org.hibernate.SQL [2a71118e | GET | /api/users] - 
    select
        u1_0.id,
        u1_0.created_at,
        u1_0.email,
        u1_0.password,
        p1_0.id,
        p1_0.content_type,
        p1_0.created_at,
        p1_0.file_name,
        p1_0.size,
        p1_0.updated_at,
        u1_0.role,
        u1_0.updated_at,
        u1_0.username 
    from
        users u1_0 
    left join
        binary_contents p1_0 
            on p1_0.id=u1_0.profile_id
26-05-15 16:29:31.563 [http-nio-8080-exec-7] DEBUG org.hibernate.SQL [26e91109 | GET | /api/channels] - 
    select
        rs1_0.id,
        rs1_0.channel_id,
        rs1_0.created_at,
        rs1_0.last_read_at,
        rs1_0.updated_at,
        rs1_0.user_id 
    from
        read_statuses rs1_0 
    where
        rs1_0.user_id=?
26-05-15 16:29:31.563 [http-nio-8080-exec-8] DEBUG org.hibernate.SQL [0858942e | GET | /api/readStatuses] - 
    select
        rs1_0.id,
        rs1_0.channel_id,
        rs1_0.created_at,
        rs1_0.last_read_at,
        rs1_0.updated_at,
        rs1_0.user_id 
    from
        read_statuses rs1_0 
    where
        rs1_0.user_id=?
26-05-15 16:29:31.563 [http-nio-8080-exec-7] TRACE org.hibernate.orm.jdbc.bind [26e91109 | GET | /api/channels] - binding parameter (1:UUID) <- [c306b3bd-3aac-4d12-9ff4-495e5219e1b7]
26-05-15 16:29:31.563 [http-nio-8080-exec-8] TRACE org.hibernate.orm.jdbc.bind [0858942e | GET | /api/readStatuses] - binding parameter (1:UUID) <- [c306b3bd-3aac-4d12-9ff4-495e5219e1b7]
26-05-15 16:29:31.563 [http-nio-8080-exec-10] INFO  c.s.m.d.s.basic.BasicUserService [2a71118e | GET | /api/users] - 모든 사용자 조회 완료: 총 11명
26-05-15 16:29:31.568 [http-nio-8080-exec-8] INFO  c.s.m.d.s.b.BasicReadStatusService [0858942e | GET | /api/readStatuses] - 모든 읽음 상태 조회 완료: 총 0개
26-05-15 16:29:31.569 [http-nio-8080-exec-7] DEBUG org.hibernate.SQL [26e91109 | GET | /api/channels] - 
    select
        c1_0.id,
        c1_0.created_at,
        c1_0.description,
        c1_0.name,
        c1_0.type,
        c1_0.updated_at 
    from
        channels c1_0
26-05-15 16:29:31.574 [http-nio-8080-exec-9] DEBUG org.hibernate.SQL [25cb9e86 | GET | /api/users] - 
    select
        u1_0.id,
        u1_0.created_at,
        u1_0.email,
        u1_0.password,
        p1_0.id,
        p1_0.content_type,
        p1_0.created_at,
        p1_0.file_name,
        p1_0.size,
        p1_0.updated_at,
        u1_0.role,
        u1_0.updated_at,
        u1_0.username 
    from
        users u1_0 
    left join
        binary_contents p1_0 
            on p1_0.id=u1_0.profile_id
26-05-15 16:29:31.577 [http-nio-8080-exec-9] INFO  c.s.m.d.s.basic.BasicUserService [25cb9e86 | GET | /api/users] - 모든 사용자 조회 완료: 총 11명
26-05-15 16:29:31.580 [http-nio-8080-exec-7] DEBUG org.hibernate.SQL [26e91109 | GET | /api/channels] - 
    select
        m1_0.id,
        m1_0.author_id,
        m1_0.channel_id,
        m1_0.content,
        m1_0.created_at,
        m1_0.updated_at 
    from
        messages m1_0 
    where
        m1_0.channel_id=? 
    order by
        m1_0.created_at desc 
    fetch
        first ? rows only
26-05-15 16:29:31.580 [http-nio-8080-exec-7] TRACE org.hibernate.orm.jdbc.bind [26e91109 | GET | /api/channels] - binding parameter (1:UUID) <- [f8193dc1-9a09-4e5c-8017-64de11c054d2]
26-05-15 16:29:31.580 [http-nio-8080-exec-7] TRACE org.hibernate.orm.jdbc.bind [26e91109 | GET | /api/channels] - binding parameter (2:INTEGER) <- [1]
26-05-15 16:29:31.583 [http-nio-8080-exec-3] DEBUG org.hibernate.SQL [8c067e58 | GET | /api/users] - 
    select
        u1_0.id,
        u1_0.created_at,
        u1_0.email,
        u1_0.password,
        p1_0.id,
        p1_0.content_type,
        p1_0.created_at,
        p1_0.file_name,
        p1_0.size,
        p1_0.updated_at,
        u1_0.role,
        u1_0.updated_at,
        u1_0.username 
    from
        users u1_0 
    left join
        binary_contents p1_0 
            on p1_0.id=u1_0.profile_id
26-05-15 16:29:31.586 [http-nio-8080-exec-3] INFO  c.s.m.d.s.basic.BasicUserService [8c067e58 | GET | /api/users] - 모든 사용자 조회 완료: 총 11명
26-05-15 16:29:31.590 [http-nio-8080-exec-5] DEBUG org.hibernate.SQL [c94a4b01 | GET | /api/binaryContents/5ab2c443-dec0-4fe3-af4e-6833af89a32a] - 
    select
        bc1_0.id,
        bc1_0.content_type,
        bc1_0.created_at,
        bc1_0.file_name,
        bc1_0.size,
        bc1_0.updated_at 
    from
        binary_contents bc1_0 
    where
        bc1_0.id=?
26-05-15 16:29:31.590 [http-nio-8080-exec-2] DEBUG org.hibernate.SQL [cc545419 | GET | /api/binaryContents/7970e03c-f713-4562-bab0-efbc1986341f] - 
    select
        bc1_0.id,
        bc1_0.content_type,
        bc1_0.created_at,
        bc1_0.file_name,
        bc1_0.size,
        bc1_0.updated_at 
    from
        binary_contents bc1_0 
    where
        bc1_0.id=?
26-05-15 16:29:31.590 [http-nio-8080-exec-4] DEBUG org.hibernate.SQL [733ffbc6 | GET | /api/binaryContents/d481d4f5-efe9-430c-8fe4-77354638d3a0] - 
    select
        bc1_0.id,
        bc1_0.content_type,
        bc1_0.created_at,
        bc1_0.file_name,
        bc1_0.size,
        bc1_0.updated_at 
    from
        binary_contents bc1_0 
    where
        bc1_0.id=?
26-05-15 16:29:31.591 [http-nio-8080-exec-5] TRACE org.hibernate.orm.jdbc.bind [c94a4b01 | GET | /api/binaryContents/5ab2c443-dec0-4fe3-af4e-6833af89a32a] - binding parameter (1:UUID) <- [5ab2c443-dec0-4fe3-af4e-6833af89a32a]
26-05-15 16:29:31.590 [http-nio-8080-exec-1] DEBUG org.hibernate.SQL [b5cf1a1a | GET | /api/binaryContents/b2b99a8d-06df-402d-8d20-78334ce8b1b3] - 
    select
        bc1_0.id,
        bc1_0.content_type,
        bc1_0.created_at,
        bc1_0.file_name,
        bc1_0.size,
        bc1_0.updated_at 
    from
        binary_contents bc1_0 
    where
        bc1_0.id=?
26-05-15 16:29:31.591 [http-nio-8080-exec-1] TRACE org.hibernate.orm.jdbc.bind [b5cf1a1a | GET | /api/binaryContents/b2b99a8d-06df-402d-8d20-78334ce8b1b3] - binding parameter (1:UUID) <- [b2b99a8d-06df-402d-8d20-78334ce8b1b3]
26-05-15 16:29:31.591 [http-nio-8080-exec-2] TRACE org.hibernate.orm.jdbc.bind [cc545419 | GET | /api/binaryContents/7970e03c-f713-4562-bab0-efbc1986341f] - binding parameter (1:UUID) <- [7970e03c-f713-4562-bab0-efbc1986341f]
26-05-15 16:29:31.591 [http-nio-8080-exec-4] TRACE org.hibernate.orm.jdbc.bind [733ffbc6 | GET | /api/binaryContents/d481d4f5-efe9-430c-8fe4-77354638d3a0] - binding parameter (1:UUID) <- [d481d4f5-efe9-430c-8fe4-77354638d3a0]
26-05-15 16:29:31.593 [http-nio-8080-exec-5] INFO  c.s.m.d.s.b.BasicBinaryContentService [c94a4b01 | GET | /api/binaryContents/5ab2c443-dec0-4fe3-af4e-6833af89a32a] - 바이너리 컨텐츠 조회 완료: id=5ab2c443-dec0-4fe3-af4e-6833af89a32a, fileName=7309700.jpg
26-05-15 16:29:31.593 [http-nio-8080-exec-2] INFO  c.s.m.d.s.b.BasicBinaryContentService [cc545419 | GET | /api/binaryContents/7970e03c-f713-4562-bab0-efbc1986341f] - 바이너리 컨텐츠 조회 완료: id=7970e03c-f713-4562-bab0-efbc1986341f, fileName=sample-image.webp
26-05-15 16:29:31.593 [http-nio-8080-exec-1] INFO  c.s.m.d.s.b.BasicBinaryContentService [b5cf1a1a | GET | /api/binaryContents/b2b99a8d-06df-402d-8d20-78334ce8b1b3] - 바이너리 컨텐츠 조회 완료: id=b2b99a8d-06df-402d-8d20-78334ce8b1b3, fileName=icons8-수파베이스-48.png
26-05-15 16:29:31.593 [http-nio-8080-exec-4] INFO  c.s.m.d.s.b.BasicBinaryContentService [733ffbc6 | GET | /api/binaryContents/d481d4f5-efe9-430c-8fe4-77354638d3a0] - 바이너리 컨텐츠 조회 완료: id=d481d4f5-efe9-430c-8fe4-77354638d3a0, fileName=7294791.jpg
26-05-15 16:29:31.595 [http-nio-8080-exec-7] INFO  c.s.m.d.s.basic.BasicChannelService [26e91109 | GET | /api/channels] - 모든 Public 채널 조회 완료: 총 1개
26-05-15 16:29:31.601 [http-nio-8080-exec-8] DEBUG org.hibernate.SQL [830be3a4 | GET | /api/binaryContents/7970e03c-f713-4562-bab0-efbc1986341f/download] - 
    select
        bc1_0.id,
        bc1_0.content_type,
        bc1_0.created_at,
        bc1_0.file_name,
        bc1_0.size,
        bc1_0.updated_at 
    from
        binary_contents bc1_0 
    where
        bc1_0.id=?
26-05-15 16:29:31.601 [http-nio-8080-exec-8] TRACE org.hibernate.orm.jdbc.bind [830be3a4 | GET | /api/binaryContents/7970e03c-f713-4562-bab0-efbc1986341f/download] - binding parameter (1:UUID) <- [7970e03c-f713-4562-bab0-efbc1986341f]
26-05-15 16:29:31.601 [http-nio-8080-exec-10] DEBUG org.hibernate.SQL [4a1b8cd2 | GET | /api/binaryContents/5ab2c443-dec0-4fe3-af4e-6833af89a32a] - 
    select
        bc1_0.id,
        bc1_0.content_type,
        bc1_0.created_at,
        bc1_0.file_name,
        bc1_0.size,
        bc1_0.updated_at 
    from
        binary_contents bc1_0 
    where
        bc1_0.id=?
26-05-15 16:29:31.602 [http-nio-8080-exec-10] TRACE org.hibernate.orm.jdbc.bind [4a1b8cd2 | GET | /api/binaryContents/5ab2c443-dec0-4fe3-af4e-6833af89a32a] - binding parameter (1:UUID) <- [5ab2c443-dec0-4fe3-af4e-6833af89a32a]
26-05-15 16:29:31.602 [http-nio-8080-exec-3] DEBUG org.hibernate.SQL [5367f1cb | GET | /api/binaryContents/5ab2c443-dec0-4fe3-af4e-6833af89a32a/download] - 
    select
        bc1_0.id,
        bc1_0.content_type,
        bc1_0.created_at,
        bc1_0.file_name,
        bc1_0.size,
        bc1_0.updated_at 
    from
        binary_contents bc1_0 
    where
        bc1_0.id=?
26-05-15 16:29:31.602 [http-nio-8080-exec-3] TRACE org.hibernate.orm.jdbc.bind [5367f1cb | GET | /api/binaryContents/5ab2c443-dec0-4fe3-af4e-6833af89a32a/download] - binding parameter (1:UUID) <- [5ab2c443-dec0-4fe3-af4e-6833af89a32a]
26-05-15 16:29:31.601 [http-nio-8080-exec-9] DEBUG org.hibernate.SQL [0d754170 | GET | /api/binaryContents/d481d4f5-efe9-430c-8fe4-77354638d3a0] - 
    select
        bc1_0.id,
        bc1_0.content_type,
        bc1_0.created_at,
        bc1_0.file_name,
        bc1_0.size,
        bc1_0.updated_at 
    from
        binary_contents bc1_0 
    where
        bc1_0.id=?
26-05-15 16:29:31.602 [http-nio-8080-exec-9] TRACE org.hibernate.orm.jdbc.bind [0d754170 | GET | /api/binaryContents/d481d4f5-efe9-430c-8fe4-77354638d3a0] - binding parameter (1:UUID) <- [d481d4f5-efe9-430c-8fe4-77354638d3a0]
26-05-15 16:29:31.602 [http-nio-8080-exec-6] DEBUG org.hibernate.SQL [4d0f3d1c | GET | /api/binaryContents/b2b99a8d-06df-402d-8d20-78334ce8b1b3] - 
    select
        bc1_0.id,
        bc1_0.content_type,
        bc1_0.created_at,
        bc1_0.file_name,
        bc1_0.size,
        bc1_0.updated_at 
    from
        binary_contents bc1_0 
    where
        bc1_0.id=?
26-05-15 16:29:31.602 [http-nio-8080-exec-6] TRACE org.hibernate.orm.jdbc.bind [4d0f3d1c | GET | /api/binaryContents/b2b99a8d-06df-402d-8d20-78334ce8b1b3] - binding parameter (1:UUID) <- [b2b99a8d-06df-402d-8d20-78334ce8b1b3]
26-05-15 16:29:31.603 [http-nio-8080-exec-10] INFO  c.s.m.d.s.b.BasicBinaryContentService [4a1b8cd2 | GET | /api/binaryContents/5ab2c443-dec0-4fe3-af4e-6833af89a32a] - 바이너리 컨텐츠 조회 완료: id=5ab2c443-dec0-4fe3-af4e-6833af89a32a, fileName=7309700.jpg
26-05-15 16:29:31.603 [http-nio-8080-exec-8] INFO  c.s.m.d.s.b.BasicBinaryContentService [830be3a4 | GET | /api/binaryContents/7970e03c-f713-4562-bab0-efbc1986341f/download] - 바이너리 컨텐츠 조회 완료: id=7970e03c-f713-4562-bab0-efbc1986341f, fileName=sample-image.webp
26-05-15 16:29:31.603 [http-nio-8080-exec-3] INFO  c.s.m.d.s.b.BasicBinaryContentService [5367f1cb | GET | /api/binaryContents/5ab2c443-dec0-4fe3-af4e-6833af89a32a/download] - 바이너리 컨텐츠 조회 완료: id=5ab2c443-dec0-4fe3-af4e-6833af89a32a, fileName=7309700.jpg
26-05-15 16:29:31.603 [http-nio-8080-exec-9] INFO  c.s.m.d.s.b.BasicBinaryContentService [0d754170 | GET | /api/binaryContents/d481d4f5-efe9-430c-8fe4-77354638d3a0] - 바이너리 컨텐츠 조회 완료: id=d481d4f5-efe9-430c-8fe4-77354638d3a0, fileName=7294791.jpg
26-05-15 16:29:31.604 [http-nio-8080-exec-3] INFO  c.s.m.d.c.BinaryContentController [5367f1cb | GET | /api/binaryContents/5ab2c443-dec0-4fe3-af4e-6833af89a32a/download] - 파일을 다운로드 했습니다.
26-05-15 16:29:31.604 [http-nio-8080-exec-8] INFO  c.s.m.d.c.BinaryContentController [830be3a4 | GET | /api/binaryContents/7970e03c-f713-4562-bab0-efbc1986341f/download] - 파일을 다운로드 했습니다.
26-05-15 16:29:31.604 [http-nio-8080-exec-6] INFO  c.s.m.d.s.b.BasicBinaryContentService [4d0f3d1c | GET | /api/binaryContents/b2b99a8d-06df-402d-8d20-78334ce8b1b3] - 바이너리 컨텐츠 조회 완료: id=b2b99a8d-06df-402d-8d20-78334ce8b1b3, fileName=icons8-수파베이스-48.png
26-05-15 16:29:31.609 [http-nio-8080-exec-2] DEBUG org.hibernate.SQL [544d48c7 | GET | /api/readStatuses] - 
    select
        rs1_0.id,
        rs1_0.channel_id,
        rs1_0.created_at,
        rs1_0.last_read_at,
        rs1_0.updated_at,
        rs1_0.user_id 
    from
        read_statuses rs1_0 
    where
        rs1_0.user_id=?
26-05-15 16:29:31.609 [http-nio-8080-exec-2] TRACE org.hibernate.orm.jdbc.bind [544d48c7 | GET | /api/readStatuses] - binding parameter (1:UUID) <- [c306b3bd-3aac-4d12-9ff4-495e5219e1b7]
26-05-15 16:29:31.610 [http-nio-8080-exec-4] DEBUG org.hibernate.SQL [87542c70 | GET | /api/binaryContents/b2b99a8d-06df-402d-8d20-78334ce8b1b3] - 
    select
        bc1_0.id,
        bc1_0.content_type,
        bc1_0.created_at,
        bc1_0.file_name,
        bc1_0.size,
        bc1_0.updated_at 
    from
        binary_contents bc1_0 
    where
        bc1_0.id=?
26-05-15 16:29:31.611 [http-nio-8080-exec-4] TRACE org.hibernate.orm.jdbc.bind [87542c70 | GET | /api/binaryContents/b2b99a8d-06df-402d-8d20-78334ce8b1b3] - binding parameter (1:UUID) <- [b2b99a8d-06df-402d-8d20-78334ce8b1b3]
26-05-15 16:29:31.611 [http-nio-8080-exec-2] INFO  c.s.m.d.s.b.BasicReadStatusService [544d48c7 | GET | /api/readStatuses] - 모든 읽음 상태 조회 완료: 총 0개
26-05-15 16:29:31.611 [http-nio-8080-exec-5] DEBUG org.hibernate.SQL [34477b2a | GET | /api/binaryContents/d481d4f5-efe9-430c-8fe4-77354638d3a0] - 
    select
        bc1_0.id,
        bc1_0.content_type,
        bc1_0.created_at,
        bc1_0.file_name,
        bc1_0.size,
        bc1_0.updated_at 
    from
        binary_contents bc1_0 
    where
        bc1_0.id=?
26-05-15 16:29:31.611 [http-nio-8080-exec-5] TRACE org.hibernate.orm.jdbc.bind [34477b2a | GET | /api/binaryContents/d481d4f5-efe9-430c-8fe4-77354638d3a0] - binding parameter (1:UUID) <- [d481d4f5-efe9-430c-8fe4-77354638d3a0]
26-05-15 16:29:31.612 [http-nio-8080-exec-4] INFO  c.s.m.d.s.b.BasicBinaryContentService [87542c70 | GET | /api/binaryContents/b2b99a8d-06df-402d-8d20-78334ce8b1b3] - 바이너리 컨텐츠 조회 완료: id=b2b99a8d-06df-402d-8d20-78334ce8b1b3, fileName=icons8-수파베이스-48.png
26-05-15 16:29:31.612 [http-nio-8080-exec-5] INFO  c.s.m.d.s.b.BasicBinaryContentService [34477b2a | GET | /api/binaryContents/d481d4f5-efe9-430c-8fe4-77354638d3a0] - 바이너리 컨텐츠 조회 완료: id=d481d4f5-efe9-430c-8fe4-77354638d3a0, fileName=7294791.jpg
26-05-15 16:29:31.616 [http-nio-8080-exec-1] DEBUG org.hibernate.SQL [584ad69f | GET | /api/binaryContents/d481d4f5-efe9-430c-8fe4-77354638d3a0/download] - 
    select
        bc1_0.id,
        bc1_0.content_type,
        bc1_0.created_at,
        bc1_0.file_name,
        bc1_0.size,
        bc1_0.updated_at 
    from
        binary_contents bc1_0 
    where
        bc1_0.id=?
26-05-15 16:29:31.616 [http-nio-8080-exec-1] TRACE org.hibernate.orm.jdbc.bind [584ad69f | GET | /api/binaryContents/d481d4f5-efe9-430c-8fe4-77354638d3a0/download] - binding parameter (1:UUID) <- [d481d4f5-efe9-430c-8fe4-77354638d3a0]
26-05-15 16:29:31.616 [http-nio-8080-exec-10] DEBUG org.hibernate.SQL [c2ad7055 | GET | /api/binaryContents/b2b99a8d-06df-402d-8d20-78334ce8b1b3/download] - 
    select
        bc1_0.id,
        bc1_0.content_type,
        bc1_0.created_at,
        bc1_0.file_name,
        bc1_0.size,
        bc1_0.updated_at 
    from
        binary_contents bc1_0 
    where
        bc1_0.id=?
26-05-15 16:29:31.616 [http-nio-8080-exec-10] TRACE org.hibernate.orm.jdbc.bind [c2ad7055 | GET | /api/binaryContents/b2b99a8d-06df-402d-8d20-78334ce8b1b3/download] - binding parameter (1:UUID) <- [b2b99a8d-06df-402d-8d20-78334ce8b1b3]
26-05-15 16:29:31.616 [http-nio-8080-exec-7] DEBUG org.hibernate.SQL [1fd27f21 | GET | /api/binaryContents/b2b99a8d-06df-402d-8d20-78334ce8b1b3] - 
    select
        bc1_0.id,
        bc1_0.content_type,
        bc1_0.created_at,
        bc1_0.file_name,
        bc1_0.size,
        bc1_0.updated_at 
    from
        binary_contents bc1_0 
    where
        bc1_0.id=?
26-05-15 16:29:31.616 [http-nio-8080-exec-7] TRACE org.hibernate.orm.jdbc.bind [1fd27f21 | GET | /api/binaryContents/b2b99a8d-06df-402d-8d20-78334ce8b1b3] - binding parameter (1:UUID) <- [b2b99a8d-06df-402d-8d20-78334ce8b1b3]
26-05-15 16:29:31.617 [http-nio-8080-exec-7] INFO  c.s.m.d.s.b.BasicBinaryContentService [1fd27f21 | GET | /api/binaryContents/b2b99a8d-06df-402d-8d20-78334ce8b1b3] - 바이너리 컨텐츠 조회 완료: id=b2b99a8d-06df-402d-8d20-78334ce8b1b3, fileName=icons8-수파베이스-48.png
26-05-15 16:29:31.617 [http-nio-8080-exec-1] INFO  c.s.m.d.s.b.BasicBinaryContentService [584ad69f | GET | /api/binaryContents/d481d4f5-efe9-430c-8fe4-77354638d3a0/download] - 바이너리 컨텐츠 조회 완료: id=d481d4f5-efe9-430c-8fe4-77354638d3a0, fileName=7294791.jpg
26-05-15 16:29:31.617 [http-nio-8080-exec-1] INFO  c.s.m.d.c.BinaryContentController [584ad69f | GET | /api/binaryContents/d481d4f5-efe9-430c-8fe4-77354638d3a0/download] - 파일을 다운로드 했습니다.
26-05-15 16:29:31.617 [http-nio-8080-exec-10] INFO  c.s.m.d.s.b.BasicBinaryContentService [c2ad7055 | GET | /api/binaryContents/b2b99a8d-06df-402d-8d20-78334ce8b1b3/download] - 바이너리 컨텐츠 조회 완료: id=b2b99a8d-06df-402d-8d20-78334ce8b1b3, fileName=icons8-수파베이스-48.png
26-05-15 16:29:31.618 [http-nio-8080-exec-10] INFO  c.s.m.d.c.BinaryContentController [c2ad7055 | GET | /api/binaryContents/b2b99a8d-06df-402d-8d20-78334ce8b1b3/download] - 파일을 다운로드 했습니다.
